
src/pages/settings/serv
er/Roles.tsx(147,17): e
rror TS2578: Unused '@t
s-expect-error' directi
ve.
src/pages/settings/serv
er/Roles.tsx(149,21): e
rror TS2345: Argument o
f type '{ ranks: string
[]; }' is not assignabl
e to parameter of type 
'{ content?: string | n
ull | undefined; embeds
?: { icon_url?: string 
| null | undefined; url
?: string | null | unde
fined; title?: string |
 null | undefined; desc
ription?: string | null
 | undefined; media?: s
tring | ... 1 more ... 
| undefined; colour?: s
tring | ... 1 more ... 
| undefined; }[] | null
 | undefined; } | {...'
.
src/pages/settings/serv
er/Roles.tsx(584,42): e
rror TS2322: Type 'Elem
ent' is not assignable 
to type '((string | num
ber | boolean | ReactEl
ement<any, string | JSX
ElementConstructor<any>
> | ReactFragment | Rea
ctPortal) & (string | .
.. 5 more ... | Childre
n[])) | null | undefine
d'.
src/pages/settings/serv
er/Roles.tsx(610,37): e
rror TS2322: Type 'Elem
ent' is not assignable 
to type 'ReactNode'.
src/pages/settings/serv
er/Roles.tsx(611,37): e
rror TS2322: Type 'Elem
ent' is not assignable 
to type 'ReactNode'.
src/pages/settings/serv
er/Roles.tsx(723,99): e
rror TS2339: Property '
server_id' does not exi
st on type 'Member'.


